// Jest Snapshot v1, https://goo.gl/fbAQLP

exports[`eventList render events correctly 1`] = `"<view class="container"><view class="event-item" data-id="1"><text></text><text></text><text></text><text></text><text></text><text></text><button class="delete-btn" data-id="1" role="button" aria-disabled="false"><image class="delete-icon" src="/assets/icon/delete-icon.png" role="img"></image></button></view><view style="height: 10px;"></view><view class="event-item" data-id="2"><text></text><text></text><text></text><text></text><text></text><text></text><button class="delete-btn" data-id="2" role="button" aria-disabled="false"><image class="delete-icon" src="/assets/icon/delete-icon.png" role="img"></image></button></view><view style="height: 10px;"></view></view><button class="create-btn" role="button" aria-disabled="false">Create A New Event</button>"`;
